push door add fg 4.6 
push door add bg 4.3 
push door add killed 5.1 
push door add doze 5.0 
push door add cached 3.7 
push door tick bg 4.2 
push door tick doze 4.5 
push door tick cached 4.5 
push inapp add bg 4.0 
push inapp add doze 3.9 
push inapp tick fg 4.5 
push inapp tick bg 3.6 
push inapp tick killed 3.4 
push inapp tick doze 3.6 
push inapp edit_title fg 3.5 
push inapp edit_due bg 3.6 
push inapp untick bg 3.8 
push inapp delete bg 4.1 
push inapp move bg 4.3 
push share add bg 4.3 
push share add doze 3.6 
push tile add bg 3.8 
push widget tick bg None op failed
push widget add bg None op failed
push notification tick bg 4.3 
push notification tick killed None precondition: task did not reach the origin
push notification tick doze None precondition: task did not reach the origin
recv open bg 5.5 
recv open killed 8.0 
recv pull fg 6.5 
recv widget bg None >120s
